../Drivers/STM32U5xx_HAL_Driver/Inc/stm32u5xx_ll_bus.h:727:22:LL_AHB2_GRP1_EnableClock	24	static
../Drivers/STM32U5xx_HAL_Driver/Inc/stm32u5xx_ll_bus.h:1693:22:LL_APB1_GRP2_EnableClock	24	static
../Core/Src/main.c:99:5:main	392	static
../Core/Src/main.c:166:6:SystemClock_Config	128	static
../Core/Src/main.c:221:13:SystemPower_Config	8	static
../Core/Src/main.c:239:13:MX_ADF1_Init	8	static
../Core/Src/main.c:292:13:MX_I2C1_Init	8	static
../Core/Src/main.c:340:13:MX_I2C2_Init	8	static
../Core/Src/main.c:388:13:MX_OCTOSPI1_Init	40	static
../Core/Src/main.c:448:13:MX_OCTOSPI2_Init	40	static
../Core/Src/main.c:508:13:MX_SPI2_Init	24	static
../Core/Src/main.c:565:13:MX_UART4_Init	8	static
../Core/Src/main.c:613:13:MX_USART1_UART_Init	8	static
../Core/Src/main.c:661:13:MX_UCPD1_Init	32	static
../Core/Src/main.c:703:13:MX_USB_OTG_FS_PCD_Init	8	static
../Core/Src/main.c:737:13:MX_GPIO_Init	64	static
../Core/Src/main.c:868:6:Error_Handler	4	static,ignoring_inline_asm
