../Core/Src/stm32u5xx_hal_msp.c:65:6:HAL_MspInit	16	static
../Core/Src/stm32u5xx_hal_msp.c:86:6:HAL_MDF_MspInit	248	static
../Core/Src/stm32u5xx_hal_msp.c:133:6:HAL_MDF_MspDeInit	16	static
../Core/Src/stm32u5xx_hal_msp.c:162:6:HAL_I2C_MspInit	256	static
../Core/Src/stm32u5xx_hal_msp.c:241:6:HAL_I2C_MspDeInit	16	static
../Core/Src/stm32u5xx_hal_msp.c:292:6:HAL_OSPI_MspInit	288	static
../Core/Src/stm32u5xx_hal_msp.c:456:6:HAL_OSPI_MspDeInit	16	static
../Core/Src/stm32u5xx_hal_msp.c:538:6:HAL_SPI_MspInit	256	static
../Core/Src/stm32u5xx_hal_msp.c:595:6:HAL_SPI_MspDeInit	16	static
../Core/Src/stm32u5xx_hal_msp.c:628:6:HAL_TIM_PWM_MspInit	24	static
../Core/Src/stm32u5xx_hal_msp.c:647:6:HAL_TIM_MspPostInit	40	static
../Core/Src/stm32u5xx_hal_msp.c:679:6:HAL_TIM_PWM_MspDeInit	16	static
../Core/Src/stm32u5xx_hal_msp.c:704:6:HAL_UART_MspInit	256	static
../Core/Src/stm32u5xx_hal_msp.c:785:6:HAL_UART_MspDeInit	16	static
../Core/Src/stm32u5xx_hal_msp.c:832:6:HAL_PCD_MspInit	256	static
../Core/Src/stm32u5xx_hal_msp.c:890:6:HAL_PCD_MspDeInit	16	static
